[   0.00000] Liux version 4.150-2-geneic(builddlg01-amd64-036) (gcc version 7.5.0(Ubutu7.5.0-buntu1~18.04)) #124-Ubuntu SMP Thu Oct 15 13:03:05 UTC 2020 (Ubuntu 4.15.0-122.124-generic 4.15.18)
[    0.000000] Command line: BOOT_IMAGE=/boot/vmlinuz-4.15.0-122-generic root=UUID=6d1c383c-39d5-4f00-a7aa-122d162d6429 ro console=tty1 console=ttyS0
[    0.000000] KERNEL supported cpus:
[    0.000000]   Intel GenuineIntel
[    0.000000]   AMD AuthenticAMD
[    0.000000]   Centaur CentaurHauls
[    0.000000] x86/fpu Supporting XSAVE feature 0x001: 'x87 floating point registers'
[    0.000000] x86/fpu: Supporting XSAVE feature 0x002: 'SSE registers'
[    0.000000] x86/fpu: Supporting XSAVE feature 0x004: 'AVX registers'
[    0.000000] x86/fpu: xstate_offset[2]:  576, xstate_sizes[2]:  256
[    0.000000] x86/fpu: Enabled xstate features 0x7, context size is 832 bytes, using 'standard' format.
[    0.000000] e820: BIOS-provided physical RAM map:
[    0.000000] BIOS-e820: [mem 0x0000000000000000-0x000000000009fbff] usable
[    0.000000] BIOS-e820: [mem 0x000000000009fc00-0x000000000009ffff] reserved
[    0.000000] BIOS-e820: [mem 0x00000000000f0000-0x00000000000fffff] reserved
[    0.000000] BIOS-e820: [mem 0x0000000000100000-0x000000003ffeffff] usable
[    0.000000] BIOS-e820: [mem 0x000000003fff0000-0x000000003fffffff] ACPI data
[    0.000000] BIOS-e820: [mem 0x00000000fec00000-0x00000000fec00fff] reserved
[    0.000000] BIOS-82: [mem 0x0000000ee0000x000000fee00ff resered
[  000000]IOS-e80: [mem 0x00000000fffc0000-0x00000000ffffffff] reserved
[    0.000000] NX (Execute Disable) protection: active
[    0.000000] SMBIOS 2.5 present.
[    0.000000] DMI: innotek GmbH VirtualBox/VirtualBox, BIOS VirtualBox 12/01/2006
[    0.000000] Hypervisor detected: KVM
[    0.000000] e820: last_pfn = 0x3fff0 max_arch_pfn = 0x400000000
[    0.000000] MTRR: Disabled
[    0.000000] x86/PAT: MTRRs disabled, skipping PAT initialization too.
[    0.000000] CPU MTRRs all blank - virtualized system.
[    0.000000] x86/PAT: Configuration [0-7]: WB  WT  UC- UC  WB  WT  UC- UC  
[    0.000000] found SMP MP-table at [mem 0x0009fff0-0x0009ffff]
[    0.000000] Scanning 1 areas for low memory corruption
[    0.000000] RAMDISK: [mem 0x3595f000-0x36ca6fff]
[    0.000000] ACPI: Early tabl cheksm verifiatn disabled
[    0.000000]ACI: RSDP 0x00000000000E0000 000024 (v02 VBOX  )
[    0.000000] ACPI: XSDT 0x000000003FFF0030 00003C (v01 VBOX   VBOXXSDT 00000001 ASL  00000061)
[    0.000000] ACPI: FACP 0x000000003FFF00F0 0000F4 (v04 VBOX   VBOXFACP 00000001 ASL  00000061)
[    0.000000] ACPI: DSDT 0x000000003FFF0470 0021FF (v02 VBOX   VBOXBIOS 00000002 INTL 20100528)
[    0.000000] ACPI: FACS 0x000000003FFF0200 000040
[    0.000000] ACPI: FACS 0x000000003FFF0200 000040
[    0.000000] ACPI: APIC 0x000000003FFF0240 00005C (v02 VBOX   VBOXAPIC 00000001 ASL  00000061)
[    0.000000] ACPI: SSDT 0x000000003FFF02A0 0001CC (v01 VBOX   VBOXCPUT 00000002 INTL 20100528)
[    0.000000] No NUMA configuration found
[    0.000000] Faking a node at [mem 0x0000000000000000-0x000000003ffeffff]
[    0.000000] NODE_DATA(0) allocated [mem 0x3ffc5000-0x3ffeffff]
[   0.00000]kvm-clck cpu 0 mr 0:3ff001, primary cpu clock
[    0.000000] kvm-clock: Using msrs 4b564d01 and 4b564d00
[    0.000000] kvm-clock: using sched ofset of 3855247927 cycles
[    0.000000] clocksource: kvm-clock: mask: 0xffffffffffffffff max_cycles: 0x1cd42e4dffb, max_idle_ns: 881590591483 ns
[    0.000000] Zone ranges:
[    0.000000]   DMA      [mem x0000000000001000-0x0000000000ffffff]
[    0.000000]   DMA32    [mem 0x0000000001000000-0x000000003ffeffff]
[    0.000000]   Normal   empty
[    0.000000]   Device   empty
[    0.000000] Movable zone start for each node
[    0.000000] Early memory node ranges
[    0.000000]   node   0: [mem 0x0000000000001000-0x000000000009efff]
[    0.000000]   node   0: [mem 0x0000000000100000-0x000000003ffeffff]
[    0.000000] Reserved but unavailable: 98 pages
[    0.000000] Initmem setup node 0 [mem 0x0000000000001000-0x000000003ffeffff]
[    0.000000] ACPI: PM-Timer IO Port: 0x4008
[    0.000000] IOAPIC[0]: apic_id 2, version 32, address 0xfec00000, GSI 0-23
[    0.000000] ACPI: INT_SRC_OVR (bus 0 bus_irq 0 global_irq 2 dfl dfl)
[    0.000000] ACPI: INT_SRC_OVR (bus 0 bus_irq 9 global_irq 9 low level)
[    0.000000] Using ACPI (MADT) for SMP configuration information
[    0.000000] smpboot: Allowing 2 CPUs, 0 hotplug CPUs
[    0.000000] PM: Registered nosave memory: [mem 0x00000000-0x00000fff]
[    0.000000] PM: Registered nosave memory: [mem 0x0009f000-0x0009ffff]
[    0.000000] PM: Registered nosave memory: [mem 0x000a0000-0x000effff]
[    0.000000] PM: Registered nosavemeor: em 0x000f000-0000ffff]
    0.000] e20 [mem 0x40000-0xfebfffff] aailable for PCI devices
[    0.000000] Booting paravirtualized kernel on KVM
[    0.000000] clocksource: refined-jiffies: mask: 0xffffffff max_cycles: 0xffffffff, max_idle_ns: 7645519600211568 ns
[    0.000000] random: get_random_bytes called from start_kernel+0x99/0x500 with crng_init=0
[    0.000000] setup_percpu: NR_CPUS:8192 nr_cpumask_bits:2 nr_cpu_ids:2 nr_node_ids:1
[    0.000000] percpu: Embedded 45 pages/cpu s147456 r8192 d28672 u1048576
[    0.000000] PV qspinlock hash table entries: 256 (order: 0, 4096 bytes)
[    0.000000] Built 1 zonelists, mobility grouping on.  Total pages: 257913
[    0.000000] Policy zone: DMA32
[    0.000000] Kernel command line: BOOT_IMAGE=/boot/vmlinuz-4.15.0-122-generic root=UUID=6d1c383c-39d5-4f00-a7aa-122d162d6429 ro console=tty1 console=ttyS0
[    0.000000] Memory: 982504K/1048120K available (12300K kernel code, 2482K rwdata, 4272K rodata, 2436K init, 2724K bss, 65616K reserved, 0K cma-reserved)
[    0.000000] SLUB: HWalign=64, Order=0-3, MinObjects=0, CPUs=2, Nodes=1
[    0.000000] Kernel/User page tables isolation: enabled
[    0.000000] ftrace: allocating 39402 entries in 154 pages
[    0.004000] Hierarchical RCU implementation.
[    0.004000] 	RCU restricting CPUs from NR_CPUS=8192 to nr_cpu_ids=2.
[    0.004000] 	Tsk RCU enable
[   0.4000] CU Adjstng geoety fo r_fanuteaf=6,nr_cpu_ids=2
[    0.004000] NR_IRQS: 524544, nr_irqs: 440, preallocated irqs: 16
[    0.004000] Console: colour VGA+ 80x25
[    0.004000] console [tty1] enabled
[    0.004000] console [ttyS0] enabled
[    0.004000] CPI:Co rrevisin 20170831
[    0.004000] ACPI: 2 ACPI AML tablessuccessfully acquired and loaded
[    0.004000] APIC: Switch to symmetric I/O mode setup
[    0.004000] x2apic enabled
[    0.004000] Switched APIC routing to physical x2apic.
[    0.004000] ..TIMER: vector=0x30 apic1=0 pin1=2 apic2=-1 pin2=-1
[    0.004005] tsc: Detected 2304.000 MHz processor
[    0.004910] Calibrating delay loop (skipped) preset value.. 4608.00 BogoMIPS (lpj=9216000)
[     0.008002] pid_max: default: 32768 minimum: 301
[    0.012039] Security Framework initialized
[    0.016007] Yama: becoming mindful.
[    0.020028] AppArmor: AppArmor initialized
[    0.022799] Dentry cache hash table entries: 131072 (order: 8, 1048576 bytes)
[    0.024056] Inode-cache hash table entries: 65536 (order: 7, 524288 bytes)
[    0.025359] Mount-cache hash table entries: 2048 (order: 2, 16384 bytes)
[    0.026623] Mountpoint-cache hash table entries: 2048 (order: 2, 16384 bytes)
[    0.028220] Last level iTLB entries: 4KB 64, 2MB 8, 4MB 8
[    0.032006] Last level dTLB entries: 4KB 64, 2MB 0, 4MB 0, 1GB 4
[    0.036005] Spectre V1 : Mitigation: usercopy/swapgs barriers and __user pointer sanitization
[    0.040003] Spectre V2 : Mitigation: Full generic retpoline
[    0.041175] Spectre V2 : Spectre v2 / SpectreRSB mitigation: Filling RSB on context switch
[    0.044002] Speculative Store Bypass: Vulnerable
[    0.048041] SRBDS: Unknown: Dependent on hypervisor status
[    0.052006] MDS: Vulnerable: Clear CPU buffers attempted, no microcode
[    0.056147] Freeing SMP alternatives memory: 36K
[    0.170694] smpboot: CPU0: Intel(R) Core(TM) i5-8259U CPU @ 2.30GHz (family: 0x6, model: 0x8e, stepping: 0xa)
[    0.172088] Performance Events: unsupported p6 CPU model 142 no PMU driver, software events only.
[    0.176031] Hierarchical SRCU implementation.
[    0.177396] NMI watchdog: Perf event create on CPU 0 failed with -2
[    0.178595] NMI watchdog: Perf NMI watchdog permanently disabled
[    0.180036] smp: Bringing up secondary CPUs ...
[    0.180998] x86: Booting SMP configuration:
[    0.181811] .... node  #0, CPUs:      #1
[    0.004000] kvm-clock: cpu 1, msr 0:3ff44041, secondary cpu clock
[    0.186322] smp: Brought up 1 node, 2 CPUs
[    0.186322] smpboot: Max logical packages: 1
[    0.186322] smpboot: Total of 2 processors activated (9216.00 BogoMIPS)
[    0.192043] devtmpfs: initialized
[    0.196045] x86/mm: Memory block size: 128MB
[    0.200192] evm: security.selinux
[    0.204004] evm: security.SMACK64
[    0.208002] evm: security.SMACK64EXEC
[    0.208897] evm: security.SMACK64TRANSMUTE
[    0.209878] evm: security.SMACK64MMAP
[    0.210831] evm: security.apparmor
[    0.211695] evm: security.ima
[    0.212002] evm: security.capability
[    0.212966] clocksource: jiffies: mask: 0xffffffff max_cycles: 0xffffffff, max_idle_ns: 7645041785100000 ns
[    0.216012] futex hash table entries: 512 (order: 3, 32768 bytes)
[    0.220022] pinctrl core: initialized pinctrl subsystem
[    0.221815] RTC time: 11:48:15, date: 11/04/20
[    0.222925] NET: Registered protocol family 16
[    0.224080] audit: initializing netlink subsys (disabled)
[    0.228047] audit: type=2000 audit(1604490497.681:1): state=initialized audit_enabled=0 res=1
[    0.228149] cpuidle: using governor ladder
[    0.232008] cpuidle: using governor menu
[    0.233073] ACPI: bus type PCI registered
[    0.234116] acpiphp: ACPI Hot Plug PCI Controller Driver version: 0.5
[    0.236112] PCI: Using configuration type 1 for base access
[    0.237418] HugeTLB registered 2.00 MiB page size, pre-allocated 0 pages
[    0.240070] ACPI: Added _OSI(Module Device)
[    0.244004] ACPI: Added _OSI(Processor Device)
[    0.244899] ACPI: Added _OSI(3.0 _SCP Extensions)
[    0.245811] ACPI: Added _OSI(Processor Aggregator Device)
[    0.248002] ACPI: Added _OSI(Linux-Dell-Video)
[    0.248874] ACPI: Added _OSI(Linux-Lenovo-NV-HDMI-Audio)
[    0.249940] ACPI: Added _OSI(Linux-HPI-Hybrid-Graphics)
[    0.252248] ACPI: Executed 1 blocks of module-level executable AML code
[    0.256000] ACPI: Interpreter enabled
[    0.256018] ACPI: (supports S0 S5)
[    0.256878] ACPI: Using IOAPIC for interrupt routing
[    0.264069] PCI: Using host bridge windows from ACPI; if necessary, use "pci=nocrs" and report a bug
[    0.266026] ACPI: Enabled 2 GPEs in block 00 to 07
[    0.272836] ACPI: PCI Root Bridge [PCI0] (domain 0000 [bus 00-ff])
[    0.276013] acpi PNP0A03:00: _OSC: OS supports [ASPM ClockPM Segments MSI]
[    0.280039] acpi PNP0A03:00: _OSC: not requesting OS control; OS requires [ExtendedConfig ASPM ClockPM MSI]
[    0.284022] acpi PNP0A03:00: fail to add MMCONFIG information, can't access extended PCI configuration space under this bridge.
[    0.286638] PCI host bridge to bus 0000:00
[    0.288004] pci_bus 0000:00: root bus resource [io  0x0000-0x0cf7 window]
[    0.289252] pci_bus 0000:00: root bus resource [io  0x0d00-0xffff window]
[    0.290556] pci_bus 0000:00: root bus resource [mem 0x000a0000-0x000bffff window]
[    0.292002] pci_bus 0000:00: root bus resource [mem 0x40000000-0xfdffffff window]
[    0.293408] pci_bus 0000:00: root bus resource [bus 00-ff]
[    0.297817] pci 0000:00:01.1: legacy IDE quirk: reg 0x10: [io  0x01f0-0x01f7]
[    0.300004] pci 0000:00:01.1: legacy IDE quirk: reg 0x14: [io  0x03f6]
[    0.304014] pci 0000:00:01.1: legacy IDE quirk: reg 0x18: [io  0x0170-0x0177]
[    0.308008] pci 0000:00:01.1: legacy IDE quirk: reg 0x1c: [io  0x0376]
[    0.325542] pci 0000:00:07.0: quirk: [io  0x4000-0x403f] claimed by PIIX4 ACPI
[    0.328027] pci 0000:00:07.0: quirk: [io  0x4100-0x410f] claimed by PIIX4 SMB
[    0.342108] ACPI: PCI Interrupt Link [LNKA] (IRQs 5 9 10 *11)
[    0.344287] ACPI: PCI Interrupt Link [LNKB] (IRQs 5 9 *10 11)
[    0.348161] ACPI: PCI Interrupt Link [LNKC] (IRQs 5 *9 10 11)
[    0.356178] ACPI: PCI Interrupt Link [LNKD] (IRQs 5 9 10 *11)
[    0.357680] SCSI subsystem initialized
[    0.358479] pci 0000:00:02.0: vgaarb: setting as boot VGA device
[    0.360000] pci 0000:00:02.0: vgaarb: VGA device added: decodes=io+mem,owns=io+mem,locks=none
[    0.360014] pci 0000:00:02.0: vgaarb: bridge control possible
[    0.361082] vgaarb: loaded
[    0.364042] ACPI: bus type USB registered
[    0.364876] usbcore: registered new interface driver usbfs
[    0.368032] usbcore: registered new interface driver hub
[    0.372026] usbcore: registered new device driver usb
[    0.376071] EDAC MC: Ver: 3.0.0
[    0.380343] PCI: Using ACPI for IRQ routing
[    0.384445] NetLabel: Initializing
[    0.385742] NetLabel:  domain hash size = 128
[    0.388002] NetLabel:  protocols = UNLABELED CIPSOv4 CALIPSO
[    0.390328] NetLabel:  unlabeled traffic allowed by default
[    0.392096] clocksource: Switched to clocksource kvm-clock
[    0.408885] VFS: Disk quotas dquot_6.6.0
[    0.410391] VFS: Dquot-cache hash table entries: 512 (order 0, 4096 bytes)
[    0.412421] AppArmor: AppArmor Filesystem Enabled
[    0.413576] pnp: PnP ACPI init
[    0.415609] pnp: PnP ACPI: found 3 devices
[    0.427390] clocksource: acpi_pm: mask: 0xffffff max_cycles: 0xffffff, max_idle_ns: 2085701024 ns
[    0.429215] NET: Registered protocol family 2
[    0.430256] TCP established hash table entries: 8192 (order: 4, 65536 bytes)
[    0.431598] TCP bind hash table entries: 8192 (order: 5, 131072 bytes)
[    0.434716] TCP: Hash tables configured (established 8192 bind 8192)
[   0360]DPas table etrs:12orr:, 38bys)[    1.595] UP--Lite ha tle entrs:12orr:, 16384 bytes)
[    1.493912] NET: Regisered rocofaily 1
[    1655119] pci 00000. LmingirectPCPCtrsfs  2.396] pi 000:.0Acvating IA DMA hang workarounds

[    2.548691] pci 0000:00:02.0: Video device with shadowed ROM at [mem 0x000c0000-0x00dffff]

[    2.575479] Unpacking initramfs...
[    2.846940] Freeing initrd memory: 19744K
[    2.982211] clocksource: tsc: mask: 0xffffffffffffffff max_cycles: 0x2135f7c97c8, max_idle_ns: 440795273205 ns
[    3.261934] platform rtc_cmos: registered platform RTC device (no PN  device found)
[    3.611388] Scanning for low memory corruption every 60 seconds
[    3.632532] Initialise system trusted keyrings
[    3.633591] Key type blacklist registered
[    3.634710] workingset: timestamp_bits=36 max_order=18 bucket_order=0
[    3.637021] zbud: loaded
[    3.638174] squashfs: version 4.0 (2009/01/31) Phillip Lougher
[    3.639750] fuse init (API version 7.26)
[    3.648072] Key type asymmetric registered
[    3.649025] Asymmetric key parser 'x509' registered
[    3.650202] Block layer SCSI generic (bsg) driver version 0.4 loaded (major 246)
[    3.652174] io scheduler noop registered
[    3.655435] io scheduler deadline registered
[    3.656550] io scheduler cfq registered (default)
[    3.661676] ACPI: AC Adapter [AC] (on-line)
[    3.662831] input: Power Button as /devices/LNXSYSTM:00/LNXPWRBN:00/input/input0
[    3.664672] ACPI: Power Button [PWRF]
[    3.665703] input: Sleep Button as /devices/LNXSYSTM:00/LNXSLPBN:00/input/input1
[    3.670130] ACPI: Sleep Button [SLPF]
[    3.671145] Serial: 8250/16550 driver, 32 ports, IRQ sharing enabled
[    3.672143] ACPI: Battery Slot [BAT0] (battery present)
[    3.696719] 00:02: ttyS0 at I/O 0x3f8 (irq = 4, base_baud = 115200) is a 16550A
[    3.922098] Linux agpgart interface v0.103
[    4.066145] loop: module loaded
[    4.132085] scsi host0: ata_piix
[    4.242535] scsi host1: ata_piix
[    4.243246] ata1: PATA max UDMA/33 cmd 0x1f0 ctl 0x3f6 bmdma 0xd000 irq 14
[    4.244582] ata2: PATA max UDMA/33 cmd 0x170 ctl 0x376 bmdma 0xd008 irq 15
[    4.245970] libphy: Fixed MDIO Bus: probed
[    4.247290] tun: Universal TUN/TAP device driver, 1.6
[    4.248304] PPP generic driver version 2.4.2
[    4.249168] ehci_hcd: USB 2.0 'Enhanced' Host Controller (EHCI) Driver
[    4.250386] ehci-pci: EHCI PCI platform driver
[    4.251315] ehci-platform: EHII gnneric platform driver
[    4.410952] ohci_hcd: USB 1.1 'Open' Host Controller (OHCI) Driver
[    4.692048] ohci-pci: OHCI PCI platform driver
[    4.725690] ohci-platform: OHCI generic platform driver
[    4.728759] uhci_hcd: USB Universal Host Controller Interface driver
[    4.730334] i8042: PNP: PS/2 Controller [PNP0303:PS2K,PNP0f03:PS2M] at 0x60,0x64 irq 1,12
[    4.732863] serio: i8042 KBD port at 0x60,0x64 irq 1
[    4.734152] serio: i8042 AUX port at 0x60,0x64 irq 12
[    4.735426] mousedev: PS/2 mouse device common for all mice
[    4.741537] input: AT Translated Set 2 keyboard as /devices/platform/i8042/serio0/input/input2
[    4.744589] rtc_cmos rtc_cmos: rtc core: registered rtc_cmos as rtc0
[    4.747038] rtc_cmos rtc_cmos: alarms up to one day, 114 bytes nvram
[    4.748829] i2c /dev entries driver
[    4.749668] device-mapper: uevent: version 1.0.3
[    4.750956] device-mapper: ioctl: 4.37.0-ioctl (2017-09-20) initialised: dm-devel@redhat.com
[    4.752817] ledtrig-cpu: registered to indicate activity on CPUs
[    4.754407] NET: Registered protocol family 10
[    4.758578] Segment Routing with IPv6
[    4.759345] NET: Registered protocol family 17
[    4.760309] Key type dns_resolver registered
[    4.761311] mce: Using 0 MCE banks
[    4.762005] RAS: Correctable Errors collector initialized.
[    4.764573] sched_clock: Marking stable (4764551179, 0)->(9244879508, 44480328329)
[    4.874177] registered taskstats version 1
[    5.000632] Loading compiled-in X.509 certificates
[    5.004025] Loaded X.509 cert 'Build time autogenerated kernel key: 1ac9abf9980c816fb9cfffb58ec8b2f33f2baf04'
[    5.006007] zswap: loaded using pool lzo/zbud
[    5.009940] Key type big_key registered
[    5.010730] Key type trusted registered
[    5.012876] Key type encrypted registered
[    5.155000] AppArmor: AppArmor sha1 policy hashing enabled
[    5.255677] ima: No TPM chip found, activating TPM-bypass! (rc=-19)
[    5.256943] ima: Allocated hash algorithm: sha1
[    5.257860] evm: HMAC attrs: 0x1
[    5.258827]   Magic number: 12:284:832
[    5.259679] rtc_cmos rtc_cmos: setting system clock to 2020-11-04 11:48:21 UTC (1604490501)
[    5.261571] BIOS EDD facility v0.16 2004-Jun-25, 0 devices found
[    5.262711] EDD information not available.
[    5.265721] Freeing unused kernel image memory: 2436K
[    5.280498] Write protecting the kernel read-only data: 20480k
[    5.309868] Freeing unused kernel image memory: 2008K
[    5.431474] Freeing unused kernel image memory: 1872K
[    5.513323] x86/mm: Checked W+X mappings: passed, no W+X pages found.
[    5.765715] x86/mm: Checking user space page tables
[    5.772461] x86/mm: Checked W+X mappings: passed, no W+X pages found.
Loading, please wait...
starting version 237
[    5.839749] e1000: Intel(R) PRO/1000 Network Driver - version 7.3.21-k8-NAPI
[    6.038227] e1000: Copyright (c) 1999-2006 Intel Corporation.
[    6.135081] Fusion MPT base driver 3.04.20
[    6.184052] Copyright (c) 1999-2008 LSI Corporation
[    6.247873] Fusion MPT SPI Host driver 3.04.20
[    6.282880] AVX2 version of gcm_enc/dec engaged.
[    6.284287] AES CTR mode by8 optimization enabled
[    6.485085] input: ImExPS/2 Generic Explorer Mouse as /devices/platform/i8042/serio1/input/input4
[    6.645606] e1000 0000:00:03.0 eth0: (PCI:33MHz:32-bit) 02:2f:73:ea:27:92
[    6.691150] e1000 0000:00:03.0 eth0: Intel(R) PRO/1000 Network Connection
[    7.190355] e1000 0000:00:08.0 eth1: (PCI:33MHz:32-bit) 08:00:27:af:f0:b5
[    7.194251] e1000 0000:00:08.0 eth1: Intel(R) PRO/1000 Network Connection
[    7.198568] e1000 0000:00:08.0 enp0s8: renamed from eth1
[    7.200885] mptbase: ioc0: Initiating bringup
[    7.216451] e1000 0000:00:03.0 enp0s3: renamed from eth0
[    7.304573] ioc0: LSI53C1030 A0: Capabilities={Initiator}
[    7.726958] scsi host2: ioc0: LSI53C1030 A0, FwRev=00000000h, Ports=1, MaxQ=256, IRQ=20
[    8.124812] scsi 2:0:0:0: Direct-Access     VBOX     HARDDISK         1.0  PQ: 0 ANSI: 5
[    8.328475] scsi target2:0:0: Beginning Domain Validation
[    8.953312] scsi target2:0:0: Domain Validation skipping write tests
[    9.064267] scsi target2:0:0: Ending Domain Validation
[    9.065671] scsi target2:0:0: asynchronous
[    9.067155] scsi 2:0:1:0: Direct-Access     VBOX     HARDDISK         1.0  PQ: 0 ANSI: 5
[    9.332162] scsi target2:0:1: Beginning Domain Validation
[    9.333854] random: fast init done
[    9.335065] scsi target2:0:1: Domain Validation skipping write tests
[    9.336417] scsi target2:0:1: Ending Domain Validation
[    9.337446] scsi target2:0:1: asynchronous
[    9.341622] random: systemd-udevd: uninitialized urandom read (16 bytes read)
[    9.341817] sd 2:0:0:0: Attached scsi generic sg0 type 0
[    9.345379] random: systemd-udevd: uninitialized urandom read (16 bytes read)
[    9.346486] sd 2:0:0:0: [sda] 20971520 512-byte logical blocks: (10.7 GB/10.0 GiB)
[    9.347795] random: systemd-udevd: uninitialized urandom read (16 bytes read)
[    9.349358] sd 2:0:0:0: [sda] Write Protect is off
[    9.508965] sd 2:0:1:0: Attached scsi generic sg1 type 0
[    9.509343] sd 2:0:0:0: [sda] Incomplete mode parameter data
[    9.589139] sd 2:0:0:0: [sda] Assuming drive cache: write through
[    9.590777] sd 2:0:1:0: [sdb] 20480 512-byte logical blocks: (10.5 MB/10.0 MiB)
[    9.592034]  sda: sda1
[    9.593474] sd 2:0:1:0: [sdb] Write Protect is off
[    9.594659] sd 2:0:1:0: [sdb] Incomplete mode parameter data
[    9.594904] sd 2:0:0:0: [sda] Attached SCSI disk
[    9.595773] sd 2:0:1:0: [sdb] Assuming drive cache: write through
[    9.601490] sd 2:0:1:0: [sdb] Attached SCSI disk
Begin: Loading essential drivers ... [   10.968306] raid6: sse2x1   gen() 12979 MB/s
[   11.141619] raid6: sse2x1   xor()  9233 MB/s
[   11.236981] raid6: sse2x2   gen() 14856 MB/s
[   11.392134] raid6: sse2x2   xor()  9243 MB/s
[   11.611421] raid6: sse2x4   gen() 19740 MB/s
[   11.788515] raid6: sse2x4   xor() 11808 MB/s
[   11.935477] raid6: avx2x1   gen() 27041 MB/s
[   12.091306] raid6: avx2x1   xor() 19519 MB/s
[   12.188262] raid6: avx2x2   gen() 29939 MB/s
[   12.316411] raid6: avx2x2   xor() 18019 MB/s
[   12.446872] raid6: avx2x4   gen() 36612 MB/s
[   12.596315] raid6: avx2x4   xor() 20940 MB/s
[   12.701203] raid6: using algorithm avx2x4 gen() 36612 MB/s
[   12.804935] raid6: .... xor() 20940 MB/s, rmw enabled
[   12.814500] raid6: using avx2x2 recovery algorithm
[   12.820468] xor: automatically using best checksumming function   avx       
[   12.861689] async_tx: api initialized (async)
done.
Begin: Running /scripts/init-premount ... done.
Begin: Mounting[   12.919625] Btrfs loaded, crc32c=crc32c-intel
 root file system ... Begin: Running /scripts/local-top ... done.
Begin: Running /scripts/local-premount ... Scanning for Btrfs filesystems
done.
Warning: fsck not present, so skipping root file system
[   12.950855] EXT4-fs (sda1): mounted filesystem with ordered data mode. Opts: (null)
done.
Begin: Running /scripts/local-bottom ... done.
Begin: Running /scripts/init-bottom ... done.
[   13.117788] ip_tables: (C) 2000-2006 Netfilter Core Team
[   13.126442] systemd[1]: systemd 237 running in system mode. (+PAM +AUDIT +SELINUX +IMA +APPARMOR +SMACK +SYSVINIT +UTMP +LIBCRYPTSETUP +GCRYPT +GNUTLS +ACL +XZ +LZ4 +SECCOMP +BLKID +ELFUTILS +KMOD -IDN2 +IDN -PCRE2 default-hierarchy=hybrid)
[   13.130478] systemd[1]: Detected virtualization oracle.
[   13.131519] systemd[1]: Detected architecture x86-64.

Welcome to [1mUbuntu 18.04.1 LTS[0m!

[   13.170459] systemd[1]: Set hostname to <ubuntu-bionic>.
[   13.831966] systemd[1]: Reached target Swap.
[[0;32m  OK  [0m] Reached target Swap.
[   13.835961] systemd[1]: Created slice System Slice.
[[0;32m  OK  [0m] Created slice System Slice.
[   13.838497] systemd[1]: Created slice system-serial\x2dgetty.slice.
[[0;32m  OK  [0m] Created slice system-serial\x2dgetty.slice.
[   13.841352] systemd[1]: Listening on Journal Socket.
[[0;32m  OK  [0m] Listening on Journal Socket.
[   13.845830] systemd[1]: Starting Load Kernel Modules...
         Starting Load Kernel Modules...
[   13.925097] systemd[1]: Mounting POSIX Message Queue File System...
         Mounting POSIX Message Queue File System...
         Starting Uncomplicated firewall...
[[0;32m  OK  [0m] Listening on udev Control Socket.
[[0;32m  OK  [0m] [   13.932431] Loading iSCSI transport class v2.0-870.
Listening on udev Kernel Socket.
         Starting Remount Root and Kernel File Systems...
[[0;32m  OK  [0m] Listening on Device-mapper event daemon FIFOs.
[[0;32m  OK  [0m] Listening on Syslog Socket.
[   13.939272] iscsi: registered transport (tcp)
[[0;32m  OK  [0m] Created slice User and Session Slice.
[   13.954090] iscsi: registered transport (iser)
[[0;32m  OK  [0m] Reached targe[   14.044873] EXT4-fs (sda1): re-mounted. Opts: (null)
t Slices.
[[0;32m  OK  [0m] Listening on Journal Audit Socket.
         Starting udev Coldplug all Devices...
[[0;32m  OK  [0m] Set up automount Arbitrary Executabâ€¦rmats File System Automount Point.
         Starting Create list of required stâ€¦ce nodes for the current kernel...
[[0;32m  OK  [0m] Listening on LVM2 poll daemon socket.
[[0;32m  OK  [0m] Reached target User and Group Name Lookups.
         Mounting Kernel Debug File System...
         Starting Set the console keyboard layout...
[[0;32m  OK  [0m] Listening on Journal Socket (/dev/log).
         Starting Journal Service...
         Mounting Huge Pages File System...
[[0;32m  OK  [0m] Listening on LVM2 metadata daemon socket.
         Starting Monitoring of LVM2 mirrorsâ€¦ng dmeventd or progress polling...
[[0;32m  OK  [0m] Listening on /dev/initctl Compatibility Named Pipe.
[[0;32m  OK  [0m] Started Forward Password Requests to Wall Directory Watch.
[[0;32m  OK  [0m] Reached target System Time Synchronized.
[[0;32m  OK  [0m] Listening on Network Service Netlink Socket.
[[0;32m  OK  [0m] Started Journal Service.
[[0;32m  OK  [0m] Started Load Kernel Modules.
[[0;32m  OK  [0m] Mounted POSIX Message Queue File System.
[[0;32m  OK  [0m] Started Uncomplicated firewall.
[[0;32m  OK  [0m] Started Remount Root and Kernel File Systems.
[[0;32m  OK  [0m] Started Create list of required staâ€¦vice nodes for the current kernel.
[[0;32m  OK  [0m] Mounted Kernel Debug File System.
[[0;32m  OK  [0m] Started Set the console keyboard layout.
[[0;32m  OK  [0m] Mounted Huge Pages File System.
[[0;32m  OK  [0m] Started LVM2 metadata daemon.
         Starting Create Static Device Nodes in /dev...
         Starting Initial cloud-init job (pre-networking)...
         Starting Load/Save Random Seed...
[   14.538282] random: crng init done
[   14.538984] random: 7 urandom warning(s) missed due to ratelimiting
         Mounting Kernel Configuration File System...
         Starting Apply Kernel Variables...
         Mounting FUSE Control File System...
         Starting Flush Journal to Persistent Storage...
[[0;32m  OK  [0m] Started Monitoring of LVM2 mirrors,â€¦sing dmeventd or progress polling.
[[0;32m  OK  [0m] Started udev Coldplug all Devices.
[[0;32m  OK  [0m] Started Create Static Device Nodes in /dev.
[[0;32m  OK  [0m] Mounted Kernel Configuration File System.
[[0;32m  OK  [0m] Mounted FUSE Control File System.
         Starting udev Kernel Device Manager...
[[0;32m  OK  [0m] Reached target Local File Systems (Pre).
[[0;32m  OK  [0m] Reached target Local File Systems.
         Starting Set console font and keymap...
         Starting Tell Plymouth To Write Out Runtime Data...
         Starting ebtables ruleset management...
         Starting AppArmor initialization...
[[0;32m  OK  [0m] Started Load/Save Random Seed.
[[0;32m  OK  [0m] Started udev Kernel Device Manager.
[[0;32m  OK  [0m] Started Dispatch Password Requests to Console Directory Watch.
[[0;32m  OK  [0m] Reached target Local Encrypted Volumes.
[[0;32m  OK  [0m] Started Set console font and keymap.
[[0;32m  OK  [0m] Started Apply Kernel Variables.
[[0;32m  OK  [0m] Started Tell Plymouth To Write Out Runtime Data.
[[0;32m  OK  [0m] Found device /dev/ttyS0.
[[0;32m  OK  [0m] Started ebtables ruleset management.
[[0;32m  OK  [0m] Listening on Load/Save RF Kill Switch Status /dev/rfkill Watch.
[[0;32m  OK  [0m] Started Flush Journal to Persistent Storage.
         Starting Create Volatile Files and Directories...
[[0;32m  OK  [0m] Started Create Volatile Files and Directories.
         Starting Update UTMP about System Boot/Shutdown...
[[0;32m  OK  [0m] Started AppArmor initialization.
         Starting Load AppArmor profiles managed internally by snapd...
[[0;32m  OK  [0m] Started Update UTMP about System Boot/Shutdown.
[[0;32m  OK  [0m] Started Load AppArmor profiles managed internally by snapd.
[   16.166272] cloud-init[422]: Cloud-init v. 18.4-0ubuntu1~18.04.1 running 'init-local' at Wed, 04 Nov 2020 11:48:32 +0000. Up 15.95 seconds.
[[0;32m  OK  [0m] Started Initial cloud-init job (pre-networking).
[[0;32m  OK  [0m] Reached target Network (Pre).
         Starting Network Service...
[[0;32m  OK  [0m] Started Network Service.
         Starting Network Name Resolution...
         Starting Wait for Network to be Configured...
[[0;32m  OK  [0m] Started Network Name Resolution.
[[0;32m  OK  [0m] Reached target Host and Network Name Lookups.
[[0;32m  OK  [0m] Reached target Network.
[[0;32m  OK  [0m] Started Wait for Network to be Configured.
         Starting Initial cloud-init job (metadata service crawler)...
[   18.691709] cloud-init[719]: Cloud-init v. 18.4-0ubuntu1~18.04.1 running 'init' at Wed, 04 Nov 2020 11:48:34 +0000. Up 18.58 seconds.
[   18.737865] cloud-init[719]: ci-info: ++++++++++++++++++++++++++++++++++++++Net device info+++++++++++++++++++++++++++++++++++++++
[   18.740830] cloud-init[719]: ci-info: +--------+------+-----------------------------+---------------+--------+-------------------+
[   18.743336] cloud-init[719]: ci-info: | Device |  Up  |           Address           |      Mask     | Scope  |     Hw-Address    |
[   18.758272] cloud-init[719]: ci-info: +--------+------+-----------------------------+---------------+--------+-------------------+
[   18.769844] cloud-init[719]: ci-info: | enp0s3 | True |          10.0.2.15          | 255.255.255.0 | global | 02:2f:73:ea:27:92 |
[   18.774555] cloud-init[719]: ci-info: | enp0s3 | True |  fe80::2f:73ff:feea:2792/64 |       .       |  link  | 02:2f:73:ea:27:92 |
[   18.788250] cloud-init[719]: ci-info: | enp0s8 | True |        192.168.33.10        | 255.255.255.0 | global | 08:00:27:af:f0:b5 |
[   18.792125] cloud-init[719]: ci-info: | enp0s8 | True | fe80::a00:27ff:feaf:f0b5/64 |       .       |  link  | 08:00:27:af:f0:b5 |
[   18.796383] cloud-init[719]: ci-info: |   lo   | True |          127.0.0.1          |   255.0.0.0   |  host  |         .         |
[   18.799148] cloud-init[719]: ci-info: |   lo   | True |           ::1/128           |       .       |  host  |         .         |
[   18.802065] cloud-init[719]: ci-info: +--------+------+-----------------------------+---------------+--------+-------------------+
[   18.806368] cloud-init[719]: ci-info: +++++++++++++++++++++++++++++Route IPv4 info+++++++++++++++++++++++++++++
[   18.808832] cloud-init[719]: ci-info: +-------+--------------+----------+-----------------+-----------+-------+
[   18.811313] cloud-init[719]: ci-info: | Route | Destination  | Gateway  |     Genmask     | Interface | Flags |
[   18.814798] cloud-init[719]: ci-info: +-------+--------------+----------+-----------------+-----------+-------+
[   18.817289] cloud-init[719]: ci-info: |   0   |   0.0.0.0    | 10.0.2.2 |     0.0.0.0     |   enp0s3  |   UG  |
[   18.819099] cloud-init[719]: ci-info: |   1   |   10.0.2.0   | 0.0.0.0  |  255.255.255.0  |   enp0s3  |   U   |
[   18.820811] cloud-init[719]: ci-info: |   2   |   10.0.2.2   | 0.0.0.0  | 255.255.255.255 |   enp0s3  |   UH  |
[   18.822510] cloud-init[719]: ci-info: |   3   | 192.168.33.0 | 0.0.0.0  |  255.255.255.0  |   enp0s8  |   U   |
[   18.824203] cloud-init[719]: ci-info: +-------+--------------+----------+-----------------+-----------+-------+
[   18.825905] cloud-init[719]: ci-info: +++++++++++++++++++Route IPv6 info+++++++++++++++++++
[   18.827330] cloud-init[719]: ci-info: +-------+-------------+---------+-----------+-------+
[   18.832564] cloud-init[719]: ci-info: | Route | Destination | Gateway | Interface | Flags |
[   18.834454] cloud-init[719]: ci-info: +-------+-------------+---------+-----------+-------+
[   18.846363] cloud-init[719]: ci-info: |   1   |  fe80::/64  |    ::   |   enp0s8  |   U   |
[   18.849051] cloud-init[719]: ci-info: |   2   |  fe80::/64  |    ::   |   enp0s3  |   U   |
[   18.854726] cloud-init[719]: ci-info: |   4   |    local    |    ::   |   enp0s3  |   U   |
[[0;32m  OK  [0m] Started Initial cloud-init job (metadata service crawler).
[[0;32m  OK  [0m] Reached target System Initialization.
[   18.927792] cloud-init[719]: ci-info: |   5   |    local    |    ::   |   enp0s8  |   U   |
[[0;32m  OK  [0m] Listening on ACPID Listen Socket.
[   19.001270] cloud-init[719]: [[0;32m  OK  [0m] Started Message of the Day.
         Starting Socket activation for snappy daemon.
[[0;32m  OK  [0m] Listening on Open-iSCSI iscsid Socket.
[[0;32m  OK  [0m] Listening on UUID daemon activation socket.
[[0;32m  OK  [0m] Listening on D-Bus System Message Bus Socket.
ci-info: |   6   |   ff00::/8  |    ::   |   enp0s8  |   U   |
[[0;32m  OK  [0m] Started ACPI Events Check.
[[0;32m  OK  [0m] Reached target Paths.
[   19.021203] [[0;32m  OK  [0m] Started Daily apt download activities.
[[0;32m  OK  [0m] Started Daily apt upgrade and clean activities.
[[0;32m  OK  [0m] Started Discard unused blocks once a week.
[[0;32m  OK  [0m] Started Daily Cleanup of Temporary Directories.
[[0;32m  OK  [0m] Reached target Timers.
cloud-init[719]: ci-info: |   7   |   ff00::/8  |    ::   |   enp0s3  |   U   |
         Starting LXD - unix socket.
[[0;32m  OK  [0m] Reached target Cloud-config availability.
[   19.253164] [[0;32m  OK  [0m] Reached target Network is Online.
cloud-init[719]: ci-info: +-------+-------------+---------+-----------+-------+
[[0;32m  OK  [0m] Reached target Remote File Systems (Pre).
[[0;32m  OK  [0m] Reached target Remote File Systems.
         Starting Availability of block devices...
[[0;32m  OK  [0m] Listening on Socket activation for snappy daemon.
[[0;32m  OK  [0m] Listening on LXD - unix socket.
[[0;32m  OK  [0m] Started Availability of block devices.
[[0;32m  OK  [0m] Reached target Sockets.
[[0;32m  OK  [0m] Reached target Basic System.
[[0;32m  OK  [0m] Started irqbalance daemon.
         Starting LSB: automatic crash report generation...
         Starting LSB: Record successful boot for GRUB...
[[0;32m  OK  [0m] Started D-Bus System Message Bus.
[[0;32m  OK  [0m] Started Deferred execution scheduler.
         Starting vboxadd.service...
         Starting System Logging Service...
         Starting LXD - container startup/shutdown...
[[0;32m  OK  [0m] Started Regular background program processing daemon.
         Starting Permit User Sessions...
         Starting OpenBSD Secure Shell server...
[[0;32m  OK  [0m] Started FUSE filesystem for LXC.
         Starting Login Service...
         Starting Accounts Service...
         Starting Dispatcher daemon for systemd-networkd...
         Starting Snap Daemon...
[[0;32m  OK  [0m] Started System Logging Service.
[[0;32m  OK  [0m] Started Permit User Sessions.
[[0;32m  OK  [0m] Started Login Service.
[[0;32m  OK  [0m] Started OpenBSD Secure Shell server.
[[0;32m  OK  [0m] Started LXD - container startup/shutdown.
         Starting Authorization Manager...
[[0;32m  OK  [0m] Started Unattended Upgrades Shutdown.
         Starting Hold until boot process finishes up...
         Starting Terminate Plymouth Boot Screen...
[[0;32m  OK  [0m] Started Hold until boot process finishes up.
         Starting Set console scheme...
[[0;32m  OK  [0m] Started Serial Getty on ttyS0.
[[0;32m  OK  [0m] Started Terminate Plymouth Boot Screen.
[[0;32m  OK  [0m] Started Authorization Manager.
[[0;32m  OK  [0m] Started LSB: automatic crash report generation.
[[0;32m  OK  [0m] Started Accounts Service.
[[0;32m  OK  [0m] Started LSB: Record successful boot for GRUB.
[[0;32m  OK  [0m] Started Set console scheme.
[[0;32m  OK  [0m] Created slice system-getty.slice.
[[0;32m  OK  [0m] Started Getty on tty1.
[[0;32m  OK  [0m] Reached target Login Prompts.
[[0;32m  OK  [0m] Started Dispatcher daemon for systemd-networkd.
[[0;32m  OK  [0m] Started vboxadd.service.
         Starting vboxadd-service.service...
[[0;32m  OK  [0m] Started vboxadd-service.service.
[[0;32m  OK  [0m] Started Snap Daemon.
         Starting Wait until snapd is fully seeded...
[[0;32m  OK  [0m] Started Wait until snapd is fully seeded.
         Starting Apply the settings specified in cloud-config...
[[0;32m  OK  [0m] Reached target Multi-User System.
[[0;32m  OK  [0m] Reached target Graphical Interface.
         Starting Update UTMP about System Runlevel Changes...
[[0;32m  OK  [0m] Started Update UTMP about System Runlevel Changes.
[   21.076639] cloud-init[1242]: Cloud-init v. 18.4-0ubuntu1~18.04.1 running 'modules:config' at Wed, 04 Nov 2020 11:48:37 +0000. Up 20.99 seconds.
[[0;32m  OK  [0m] Started Apply the settings specified in cloud-config.
         Starting Execute cloud user/final scripts...
[   21.590299] cloud-init[1280]: Cloud-init v. 18.4-0ubuntu1~18.04.1 running 'modules:final' at Wed, 04 Nov 2020 11:48:37 +0000. Up 21.51 seconds.
[[0;32m  OK  [0m] Started Execute cloud user/final scripts.
[[0;32m  OK  [
Ubuntu 18.04.1 LTS ubuntu-bionic ttyS0

ubuntu-bionic login: 